#include <stdio.h>
#include <stdlib.h>
#include <gtk/gtk.h>
#include <glib.h>
#include <glib/gstdio.h>


int main(int argc, char** argv)
{
	
	gtk_init(&argc, &argv);
	printf("%d\n", 42);
	printf("%d\n", 21);
	printf("%d\n", 65);
	printf("%d\n", 43);
	printf("%d\n", 22);
	gtk_main();
	return 0;
}

