#include <stdio.h>
#include <stdlib.h>
#include <gtk/gtk.h>
#include <glib.h>
#include <glib/gstdio.h>


int main(int argc, char** argv)
{
	
	gtk_init(&argc, &argv);
	printf("%d\n", 12);
	printf("%d\n", 8);
	printf("%d\n", 22);
	printf("%d\n", 69);
	gtk_main();
	return 0;
}

