#include <stdio.h>
#include <stdlib.h>
#include <gtk/gtk.h>
#include <glib.h>
#include <glib/gstdio.h>


int main(int argc, char** argv)
{
	
	gtk_init(&argc, &argv);
	printf("%d\n", 2);
	printf("%d\n", 3);
	printf("%d\n", 11);
	gtk_main();
	return 0;
}

